
[1m[46m RUN [49m[22m [36mv4.1.2 [39m[90mD:/election-osint[39m

node.exe : [31mΓÄ»ΓÄ»ΓÄ»ΓÄ
»ΓÄ»ΓÄ»[39m[1m[41m 
Unhandled Errors [49m[22m
[31mΓÄ»ΓÄ»ΓÄ»ΓÄ»ΓÄ»ΓÄ»[39
m
At C:\Program 
Files\nodejs\npx.ps1:29 
char:3
+   & $NODE_EXE 
$NPX_CLI_JS $args
+   ~~~~~~~~~~~~~~~~~~~~~~~
~~~~~~
    + CategoryInfo         
     : NotSpecified: ([3  
  1mΓÄ»ΓÄ»ΓÄ»Γ...»ΓÄ»ΓÄ»   
 ΓÄ»[39m:String) [], R    
emoteException
    + FullyQualifiedErrorI 
   d : NativeCommandError
 
[31m[1m
Vitest caught 2 unhandled 
errors during the test run.
This might cause false 
positive tests. Resolve 
unhandled errors to make 
sure your tests are not 
affected.[22m[39m

[31mΓÄ»ΓÄ»ΓÄ»ΓÄ»ΓÄ»ΓÄ»[39
m[1m[41m Unhandled Error 
[49m[22m[31mΓÄ»ΓÄ»ΓÄ»ΓÄ»
ΓÄ»ΓÄ»ΓÄ»[39m
[31m[1mError[22m: 
[vitest-pool]: Failed to 
start forks worker for 
test files D:/election-osin
t/src/components/map/__test
s__/LeafletMap.test.tsx.[3
9m
[90m [2mΓ¥»[22m node_mod
ules/vitest/dist/chunks/cli
-api.Bxr1Nn49.js:[2m3450:9
4[22m[39m
[90m [2mΓ¥»[22m 
processTicksAndRejections n
ode:internal/process/task_q
ueues:[2m105:5[22m[39m
[90m [2mΓ¥»[22m 
Pool.schedule node_modules/
vitest/dist/chunks/cli-api.
Bxr1Nn49.js:[2m3450:5[22m
[39m

[31m[1mCaused by: 
Error[22m: require() of 
ES Module D:\election-osint
\node_modules\@csstools\css
-calc\dist\index.mjs not 
supported.
Instead change the require 
of D:\election-osint\node_m
odules\@csstools\css-calc\d
ist\index.mjs to a dynamic 
import() which is 
available in all CommonJS 
modules.[39m
[90m [2mΓ¥»[22m 
TracingChannel.traceSync no
de:diagnostics_channel:[2m
315:14[22m[39m
[90m [2mΓ¥»[22m 
Object.<anonymous> node_mod
ules/@asamuzakjp/css-color/
dist/cjs/index.cjs:[2m30:2
4[22m[39m

[31m[2mΓÄ»ΓÄ»ΓÄ»ΓÄ»ΓÄ»ΓÄ»
ΓÄ»ΓÄ»ΓÄ»ΓÄ»ΓÄ»ΓÄ»ΓÄ»ΓÄ»ΓÄ»
ΓÄ»ΓÄ»ΓÄ»ΓÄ»ΓÄ»ΓÄ»ΓÄ»ΓÄ»ΓÄ»
ΓÄ»ΓÄ»ΓÄ»ΓÄ»ΓÄ»ΓÄ»[22m[39
m
[31m[1mSerialized 
Error:[22m[39m [90m{ 
code: 'ERR_REQUIRE_ESM' 
}[39m

[31mΓÄ»ΓÄ»ΓÄ»ΓÄ»ΓÄ»ΓÄ»[39
m[1m[41m Unhandled Error 
[49m[22m[31mΓÄ»ΓÄ»ΓÄ»ΓÄ»
ΓÄ»ΓÄ»ΓÄ»[39m
[31m[1mError[22m: 
[vitest-pool]: Failed to 
start forks worker for 
test files D:/election-osin
t/__tests__/formatting.test
.ts.[39m
[90m [2mΓ¥»[22m node_mod
ules/vitest/dist/chunks/cli
-api.Bxr1Nn49.js:[2m3450:9
4[22m[39m
[90m [2mΓ¥»[22m 
processTicksAndRejections n
ode:internal/process/task_q
ueues:[2m105:5[22m[39m
[90m [2mΓ¥»[22m 
Pool.schedule node_modules/
vitest/dist/chunks/cli-api.
Bxr1Nn49.js:[2m3450:5[22m
[39m

[31m[1mCaused by: 
Error[22m: require() of 
ES Module D:\election-osint
\node_modules\@csstools\css
-calc\dist\index.mjs not 
supported.
Instead change the require 
of D:\election-osint\node_m
odules\@csstools\css-calc\d
ist\index.mjs to a dynamic 
import() which is 
available in all CommonJS 
modules.[39m
[90m [2mΓ¥»[22m 
TracingChannel.traceSync no
de:diagnostics_channel:[2m
315:14[22m[39m
[90m [2mΓ¥»[22m 
Object.<anonymous> node_mod
ules/@asamuzakjp/css-color/
dist/cjs/index.cjs:[2m30:2
4[22m[39m

[31m[2mΓÄ»ΓÄ»ΓÄ»ΓÄ»ΓÄ»ΓÄ»
ΓÄ»ΓÄ»ΓÄ»ΓÄ»ΓÄ»ΓÄ»ΓÄ»ΓÄ»ΓÄ»
ΓÄ»ΓÄ»ΓÄ»ΓÄ»ΓÄ»ΓÄ»ΓÄ»ΓÄ»ΓÄ»
ΓÄ»ΓÄ»ΓÄ»ΓÄ»ΓÄ»ΓÄ»[22m[39
m
[31m[1mSerialized 
Error:[22m[39m [90m{ 
code: 'ERR_REQUIRE_ESM' 
}[39m
[31mΓÄ»ΓÄ»ΓÄ»ΓÄ»ΓÄ»ΓÄ»ΓÄ»Γ
Ä»ΓÄ»ΓÄ»ΓÄ»ΓÄ»ΓÄ»ΓÄ»ΓÄ»ΓÄ»Γ
Ä»ΓÄ»ΓÄ»ΓÄ»ΓÄ»ΓÄ»ΓÄ»ΓÄ»ΓÄ»Γ
Ä»ΓÄ»ΓÄ»ΓÄ»ΓÄ»[39m


[2m Test Files [22m [2mno tests[22m
[2m      Tests [22m [2mno tests[22m
[2m     Errors [22m [1m[31m2 errors[39m[22m
[2m   Start at [22m 07:55:48
[2m   Duration [22m 254ms[2m (transform 0ms, setup 0ms, import 0ms, tests 0ms, environment 0ms)[22m

